[Thu Jun 25 06:25:30.232129 2026] [mpm_prefork:notice] [pid 18342] AH00163: Apache/2.4.18 (Ubuntu) OpenSSL/1.0.2g configured -- resuming normal operations
[Thu Jun 25 06:25:30.232143 2026] [core:notice] [pid 18342] AH00094: Command line: '/usr/sbin/apache2'
[Thu Jun 25 06:27:44.859809 2026] [autoindex:error] [pid 4885] [client 71.6.134.230:42820] AH01276: Cannot serve directory /var/www/html/: No matching DirectoryIndex (index.php) found, and server-generated directory index forbidden by Options directive
[Thu Jun 25 06:52:53.693505 2026] [autoindex:error] [pid 6837] [client 2602:80d:1008::38:45782] AH01276: Cannot serve directory /var/www/html/: No matching DirectoryIndex (index.php) found, and server-generated directory index forbidden by Options directive
[Thu Jun 25 07:17:13.328335 2026] [autoindex:error] [pid 9001] [client 104.197.141.11:33602] AH01276: Cannot serve directory /var/www/html/: No matching DirectoryIndex (index.php) found, and server-generated directory index forbidden by Options directive
[Thu Jun 25 07:17:24.809895 2026] [autoindex:error] [pid 7987] [client 104.197.141.11:56274] AH01276: Cannot serve directory /var/www/html/: No matching DirectoryIndex (index.php) found, and server-generated directory index forbidden by Options directive
[Thu Jun 25 07:20:43.122801 2026] [autoindex:error] [pid 8744] [client 161.97.148.236:40392] AH01276: Cannot serve directory /var/www/html/: No matching DirectoryIndex (index.php) found, and server-generated directory index forbidden by Options directive
[Thu Jun 25 07:35:12.751558 2026] [autoindex:error] [pid 9738] [client 117.169.11.178:37389] AH01276: Cannot serve directory /var/www/html/: No matching DirectoryIndex (index.php) found, and server-generated directory index forbidden by Options directive
[Thu Jun 25 07:35:13.179751 2026] [autoindex:error] [pid 10354] [client 117.169.11.178:37475] AH01276: Cannot serve directory /var/www/html/: No matching DirectoryIndex (index.php) found, and server-generated directory index forbidden by Options directive
[Thu Jun 25 07:35:13.185410 2026] [autoindex:error] [pid 9773] [client 117.169.11.178:21916] AH01276: Cannot serve directory /var/www/html/: No matching DirectoryIndex (index.php) found, and server-generated directory index forbidden by Options directive
[Thu Jun 25 07:44:14.902567 2026] [autoindex:error] [pid 11019] [client 161.97.148.236:13520] AH01276: Cannot serve directory /var/www/html/: No matching DirectoryIndex (index.php) found, and server-generated directory index forbidden by Options directive
[Thu Jun 25 07:44:48.862987 2026] [autoindex:error] [pid 10753] [client 198.235.24.73:62104] AH01276: Cannot serve directory /var/www/html/: No matching DirectoryIndex (index.php) found, and server-generated directory index forbidden by Options directive
[Thu Jun 25 07:52:05.637513 2026] [autoindex:error] [pid 10501] [client 124.88.113.173:51345] AH01276: Cannot serve directory /var/www/html/: No matching DirectoryIndex (index.php) found, and server-generated directory index forbidden by Options directive
[Thu Jun 25 08:07:23.828953 2026] [autoindex:error] [pid 12758] [client 103.153.183.166:8096] AH01276: Cannot serve directory /var/www/html/: No matching DirectoryIndex (index.php) found, and server-generated directory index forbidden by Options directive
[Thu Jun 25 08:07:23.830923 2026] [autoindex:error] [pid 11739] [client 103.153.183.166:8106] AH01276: Cannot serve directory /var/www/html/: No matching DirectoryIndex (index.php) found, and server-generated directory index forbidden by Options directive
[Thu Jun 25 08:07:23.911412 2026] [autoindex:error] [pid 12766] [client 103.153.183.166:61458] AH01276: Cannot serve directory /var/www/html/: No matching DirectoryIndex (index.php) found, and server-generated directory index forbidden by Options directive
[Thu Jun 25 08:07:23.911893 2026] [autoindex:error] [pid 12300] [client 103.153.183.166:8108] AH01276: Cannot serve directory /var/www/html/: No matching DirectoryIndex (index.php) found, and server-generated directory index forbidden by Options directive, referer: http://45.33.47.95/
[Thu Jun 25 08:07:23.911920 2026] [autoindex:error] [pid 12360] [client 103.153.183.166:61456] AH01276: Cannot serve directory /var/www/html/: No matching DirectoryIndex (index.php) found, and server-generated directory index forbidden by Options directive
[Thu Jun 25 08:07:23.995995 2026] [authz_core:error] [pid 11976] [client 103.153.183.166:8126] AH01630: client denied by server configuration: /var/www/html/server-status, referer: http://45.33.47.95/
[Thu Jun 25 08:07:23.998727 2026] [autoindex:error] [pid 12619] [client 103.153.183.166:8180] AH01276: Cannot serve directory /var/www/html/: No matching DirectoryIndex (index.php) found, and server-generated directory index forbidden by Options directive, referer: http://45.33.47.95/
[Thu Jun 25 08:07:24.036897 2026] [authz_core:error] [pid 11976] [client 103.153.183.166:8126] AH01630: client denied by server configuration: /var/www/html/server-status, referer: http://45.33.47.95/
[Thu Jun 25 08:07:24.041082 2026] [autoindex:error] [pid 12619] [client 103.153.183.166:8180] AH01276: Cannot serve directory /var/www/html/: No matching DirectoryIndex (index.php) found, and server-generated directory index forbidden by Options directive, referer: http://45.33.47.95/
[Thu Jun 25 08:07:24.134153 2026] [autoindex:error] [pid 11819] [client 103.153.183.166:8938] AH01276: Cannot serve directory /var/www/html/: No matching DirectoryIndex (index.php) found, and server-generated directory index forbidden by Options directive, referer: http://45.33.47.95/
[Thu Jun 25 08:07:24.134978 2026] [autoindex:error] [pid 12759] [client 103.153.183.166:8718] AH01276: Cannot serve directory /var/www/html/: No matching DirectoryIndex (index.php) found, and server-generated directory index forbidden by Options directive, referer: http://45.33.47.95/
[Thu Jun 25 08:07:24.135292 2026] [autoindex:error] [pid 12009] [client 103.153.183.166:8742] AH01276: Cannot serve directory /var/www/html/: No matching DirectoryIndex (index.php) found, and server-generated directory index forbidden by Options directive, referer: http://45.33.47.95/
[Thu Jun 25 08:07:24.135453 2026] [core:error] [pid 11739] [client 103.153.183.166:8814] AH00126: Invalid URI in request GET /static/../../../proc/self/environ HTTP/1.1, referer: http://45.33.47.95/
[Thu Jun 25 08:07:24.135616 2026] [autoindex:error] [pid 12674] [client 103.153.183.166:8810] AH01276: Cannot serve directory /var/www/html/: No matching DirectoryIndex (index.php) found, and server-generated directory index forbidden by Options directive, referer: http://45.33.47.95/
[Thu Jun 25 08:07:24.135771 2026] [autoindex:error] [pid 11976] [client 103.153.183.166:8126] AH01276: Cannot serve directory /var/www/html/: No matching DirectoryIndex (index.php) found, and server-generated directory index forbidden by Options directive, referer: http://45.33.47.95/
[Thu Jun 25 08:07:24.136155 2026] [autoindex:error] [pid 12300] [client 103.153.183.166:8716] AH01276: Cannot serve directory /var/www/html/: No matching DirectoryIndex (index.php) found, and server-generated directory index forbidden by Options directive, referer: http://45.33.47.95/
[Thu Jun 25 08:07:24.136155 2026] [autoindex:error] [pid 12141] [client 103.153.183.166:8912] AH01276: Cannot serve directory /var/www/html/: No matching DirectoryIndex (index.php) found, and server-generated directory index forbidden by Options directive, referer: http://45.33.47.95/
[Thu Jun 25 08:07:24.136318 2026] [autoindex:error] [pid 11383] [client 103.153.183.166:8954] AH01276: Cannot serve directory /var/www/html/: No matching DirectoryIndex (index.php) found, and server-generated directory index forbidden by Options directive, referer: http://45.33.47.95/
[Thu Jun 25 08:07:24.136684 2026] [core:error] [pid 12619] [client 103.153.183.166:8180] AH00126: Invalid URI in request GET /static../../../proc/self/environ HTTP/1.1, referer: http://45.33.47.95/
[Thu Jun 25 08:07:24.136762 2026] [autoindex:error] [pid 12258] [client 103.153.183.166:8704] AH01276: Cannot serve directory /var/www/html/: No matching DirectoryIndex (index.php) found, and server-generated directory index forbidden by Options directive
[Thu Jun 25 08:07:24.176278 2026] [autoindex:error] [pid 12674] [client 103.153.183.166:8810] AH01276: Cannot serve directory /var/www/html/: No matching DirectoryIndex (index.php) found, and server-generated directory index forbidden by Options directive, referer: http://45.33.47.95/
[Thu Jun 25 08:07:24.177010 2026] [core:error] [pid 12759] [client 103.153.183.166:8718] AH00126: Invalid URI in request GET /static/../../../../proc/self/environ HTTP/1.1, referer: http://45.33.47.95/
[Thu Jun 25 08:07:24.178766 2026] [autoindex:error] [pid 12788] [client 103.153.183.166:8758] AH01276: Cannot serve directory /var/www/html/: No matching DirectoryIndex (index.php) found, and server-generated directory index forbidden by Options directive, referer: http://45.33.47.95/
[Thu Jun 25 08:07:24.178847 2026] [core:error] [pid 12224] [client 103.153.183.166:8866] AH00126: Invalid URI in request GET /static../../../../proc/self/environ HTTP/1.1, referer: http://45.33.47.95/
[Thu Jun 25 08:07:24.181546 2026] [:error] [pid 11800] [client 103.153.183.166:8776] PHP Notice:  Undefined index: param in /var/www/html/test.php on line 21, referer: http://45.33.47.95/
[Thu Jun 25 08:07:24.181567 2026] [:error] [pid 11800] [client 103.153.183.166:8776] PHP Warning:  gzdecode(): data error in /var/www/html/test.php on line 205, referer: http://45.33.47.95/
[Thu Jun 25 08:07:24.181578 2026] [:error] [pid 11800] [client 103.153.183.166:8776] PHP Notice:  Undefined variable: response in /var/www/html/test.php on line 97, referer: http://45.33.47.95/
[Thu Jun 25 08:07:24.260206 2026] [core:error] [pid 12678] [client 103.153.183.166:8956] AH00126: Invalid URI in request GET /static/../../.env HTTP/1.1, referer: http://45.33.47.95/
[Thu Jun 25 08:07:24.342612 2026] [core:error] [pid 12567] [client 103.153.183.166:8798] AH00126: Invalid URI in request GET /static/../../wp-config.php HTTP/1.1, referer: http://45.33.47.95/
[Thu Jun 25 08:07:24.383782 2026] [core:error] [pid 12787] [client 103.153.183.166:8734] AH00126: Invalid URI in request GET /static/../../../etc/passwd HTTP/1.1, referer: http://45.33.47.95/
[Thu Jun 25 08:07:24.386472 2026] [core:error] [pid 12300] [client 103.153.183.166:8716] AH00126: Invalid URI in request GET /static../../../wp-config.php HTTP/1.1, referer: http://45.33.47.95/
[Thu Jun 25 08:07:24.425791 2026] [core:error] [pid 12293] [client 103.153.183.166:8674] AH00126: Invalid URI in request GET /static/../../../../etc/passwd HTTP/1.1, referer: http://45.33.47.95/
[Thu Jun 25 08:07:24.428058 2026] [core:error] [pid 12788] [client 103.153.183.166:8758] AH00126: Invalid URI in request GET /static../../../etc/passwd HTTP/1.1, referer: http://45.33.47.95/
[Thu Jun 25 08:07:24.468650 2026] [core:error] [pid 12766] [client 103.153.183.166:8872] AH00126: Invalid URI in request GET /static/../../../etc/apache2/apache2.conf HTTP/1.1, referer: http://45.33.47.95/
[Thu Jun 25 08:07:24.470192 2026] [core:error] [pid 12805] [client 103.153.183.166:8836] AH00126: Invalid URI in request GET /static../../../../etc/passwd HTTP/1.1, referer: http://45.33.47.95/
[Thu Jun 25 08:07:24.510558 2026] [core:error] [pid 12581] [client 103.153.183.166:8714] AH00126: Invalid URI in request GET /static../../../../../etc/passwd HTTP/1.1, referer: http://45.33.47.95/
[Thu Jun 25 08:07:24.554415 2026] [core:error] [pid 12172] [client 103.153.183.166:8684] AH00126: Invalid URI in request GET /static../../../etc/nginx/nginx.conf HTTP/1.1, referer: http://45.33.47.95/
[Thu Jun 25 08:07:24.554415 2026] [core:error] [pid 11976] [client 103.153.183.166:8126] AH00126: Invalid URI in request GET /static/%2e%2e/../wp-config.php HTTP/1.1, referer: http://45.33.47.95/
[Thu Jun 25 08:07:24.595216 2026] [core:error] [pid 11824] [client 103.153.183.166:8826] AH00126: Invalid URI in request GET /static/%2e%2e/%2e%2e/%2e%2e/etc/passwd HTTP/1.1, referer: http://45.33.47.95/
[Thu Jun 25 08:07:24.677735 2026] [core:error] [pid 12583] [client 103.153.183.166:8766] AH00126: Invalid URI in request GET /static../../../root/.ssh/id_rsa HTTP/1.1, referer: http://45.33.47.95/
[Thu Jun 25 08:07:24.718652 2026] [core:error] [pid 12273] [client 103.153.183.166:8774] AH00126: Invalid URI in request GET /static../../../../root/.ssh/id_rsa HTTP/1.1, referer: http://45.33.47.95/
[Thu Jun 25 08:07:24.759609 2026] [core:error] [pid 11819] [client 103.153.183.166:8938] AH00126: Invalid URI in request GET /static../../../home/www-data/.ssh/id_rsa HTTP/1.1, referer: http://45.33.47.95/
[Thu Jun 25 08:07:24.799917 2026] [core:error] [pid 12368] [client 103.153.183.166:8924] AH00126: Invalid URI in request GET /static../../../root/.aws/credentials HTTP/1.1, referer: http://45.33.47.95/
[Thu Jun 25 08:07:24.808059 2026] [core:error] [pid 11800] [client 103.153.183.166:8776] AH00126: Invalid URI in request GET /assets/../../../proc/self/environ HTTP/1.1, referer: http://45.33.47.95/
[Thu Jun 25 08:07:24.843419 2026] [core:error] [pid 12531] [client 103.153.183.166:8966] AH00126: Invalid URI in request GET /static../../../../root/.aws/credentials HTTP/1.1, referer: http://45.33.47.95/
[Thu Jun 25 08:07:24.850660 2026] [core:error] [pid 11383] [client 103.153.183.166:8954] AH00126: Invalid URI in request GET /assets/../../../../proc/self/environ HTTP/1.1, referer: http://45.33.47.95/
[Thu Jun 25 08:07:24.933403 2026] [core:error] [pid 12013] [client 103.153.183.166:8898] AH00126: Invalid URI in request GET /assets/../../.env HTTP/1.1, referer: http://45.33.47.95/
[Thu Jun 25 08:07:25.016190 2026] [core:error] [pid 12009] [client 103.153.183.166:8742] AH00126: Invalid URI in request GET /assets/../../wp-config.php HTTP/1.1, referer: http://45.33.47.95/
[Thu Jun 25 08:07:25.056587 2026] [core:error] [pid 12141] [client 103.153.183.166:8912] AH00126: Invalid URI in request GET /static../../../etc/apache2/apache2.conf HTTP/1.1, referer: http://45.33.47.95/
[Thu Jun 25 08:07:25.057520 2026] [core:error] [pid 12321] [client 103.153.183.166:8784] AH00126: Invalid URI in request GET /assets/../../../etc/passwd HTTP/1.1, referer: http://45.33.47.95/
[Thu Jun 25 08:07:25.105777 2026] [core:error] [pid 12100] [client 103.153.183.166:8892] AH00126: Invalid URI in request GET /assets/../../../../etc/passwd HTTP/1.1, referer: http://45.33.47.95/
[Thu Jun 25 08:07:25.111191 2026] [core:error] [pid 12008] [client 103.153.183.166:8876] AH00126: Invalid URI in request GET /static../../../etc/httpd/conf/httpd.conf HTTP/1.1, referer: http://45.33.47.95/
[Thu Jun 25 08:07:25.149205 2026] [core:error] [pid 12279] [client 103.153.183.166:9028] AH00126: Invalid URI in request GET /assets/../../../etc/apache2/apache2.conf HTTP/1.1, referer: http://45.33.47.95/
[Thu Jun 25 08:07:25.152308 2026] [core:error] [pid 11921] [client 103.153.183.166:9044] AH00126: Invalid URI in request GET /assets../../../proc/self/environ HTTP/1.1, referer: http://45.33.47.95/
[Thu Jun 25 08:07:25.193160 2026] [core:error] [pid 12730] [client 103.153.183.166:9056] AH00126: Invalid URI in request GET /assets../../../../proc/self/environ HTTP/1.1, referer: http://45.33.47.95/
[Thu Jun 25 08:07:25.232949 2026] [core:error] [pid 12278] [client 103.153.183.166:9084] AH00126: Invalid URI in request GET /assets/%2e%2e/../wp-config.php HTTP/1.1, referer: http://45.33.47.95/
[Thu Jun 25 08:07:25.274014 2026] [core:error] [pid 12767] [client 103.153.183.166:9020] AH00126: Invalid URI in request GET /assets/%2e%2e/%2e%2e/%2e%2e/etc/passwd HTTP/1.1, referer: http://45.33.47.95/
[Thu Jun 25 08:07:25.436249 2026] [core:error] [pid 11739] [client 103.153.183.166:9130] AH00126: Invalid URI in request GET /assets../../../wp-config.php HTTP/1.1, referer: http://45.33.47.95/
[Thu Jun 25 08:07:25.476720 2026] [core:error] [pid 10482] [client 103.153.183.166:8850] AH00126: Invalid URI in request GET /files/../../../proc/self/environ HTTP/1.1, referer: http://45.33.47.95/
[Thu Jun 25 08:07:25.477988 2026] [core:error] [pid 12710] [client 103.153.183.166:9018] AH00126: Invalid URI in request GET /assets../../../etc/passwd HTTP/1.1, referer: http://45.33.47.95/
[Thu Jun 25 08:07:25.517385 2026] [core:error] [pid 12224] [client 103.153.183.166:9124] AH00126: Invalid URI in request GET /files/../../../../proc/self/environ HTTP/1.1, referer: http://45.33.47.95/
[Thu Jun 25 08:07:25.520310 2026] [core:error] [pid 12682] [client 103.153.183.166:9116] AH00126: Invalid URI in request GET /assets../../../../etc/passwd HTTP/1.1, referer: http://45.33.47.95/
[Thu Jun 25 08:07:25.556225 2026] [autoindex:error] [pid 12134] [client 103.153.183.166:9112] AH01276: Cannot serve directory /var/www/html/: No matching DirectoryIndex (index.php) found, and server-generated directory index forbidden by Options directive, referer: http://45.33.47.95/
[Thu Jun 25 08:07:25.596662 2026] [core:error] [pid 12134] [client 103.153.183.166:9112] AH00126: Invalid URI in request GET /assets../../../../../etc/passwd HTTP/1.1, referer: http://45.33.47.95/
[Thu Jun 25 08:07:25.602883 2026] [autoindex:error] [pid 12218] [client 103.153.183.166:9144] AH01276: Cannot serve directory /var/www/html/: No matching DirectoryIndex (index.php) found, and server-generated directory index forbidden by Options directive, referer: http://45.33.47.95/
[Thu Jun 25 08:07:25.619798 2026] [core:error] [pid 11982] [client 103.153.183.166:9100] AH00126: Invalid URI in request GET /files/../../.env HTTP/1.1, referer: http://45.33.47.95/
[Thu Jun 25 08:07:25.636669 2026] [core:error] [pid 12357] [client 103.153.183.166:9158] AH00126: Invalid URI in request GET /assets../../../etc/nginx/nginx.conf HTTP/1.1, referer: http://45.33.47.95/
[Thu Jun 25 08:07:25.643687 2026] [autoindex:error] [pid 12218] [client 103.153.183.166:9144] AH01276: Cannot serve directory /var/www/html/: No matching DirectoryIndex (index.php) found, and server-generated directory index forbidden by Options directive, referer: http://45.33.47.95/
[Thu Jun 25 08:07:25.705267 2026] [autoindex:error] [pid 12567] [client 103.153.183.166:9160] AH01276: Cannot serve directory /var/www/html/: No matching DirectoryIndex (index.php) found, and server-generated directory index forbidden by Options directive, referer: http://45.33.47.95/
[Thu Jun 25 08:07:25.718823 2026] [core:error] [pid 12787] [client 103.153.183.166:9186] AH00126: Invalid URI in request GET /files/../../wp-config.php HTTP/1.1, referer: http://45.33.47.95/
[Thu Jun 25 08:07:25.748393 2026] [autoindex:error] [pid 12419] [client 103.153.183.166:9202] AH01276: Cannot serve directory /var/www/html/: No matching DirectoryIndex (index.php) found, and server-generated directory index forbidden by Options directive, referer: http://45.33.47.95/
[Thu Jun 25 08:07:25.760406 2026] [core:error] [pid 12674] [client 103.153.183.166:9138] AH00126: Invalid URI in request GET /assets../../../root/.ssh/id_rsa HTTP/1.1, referer: http://45.33.47.95/
[Thu Jun 25 08:07:25.760704 2026] [core:error] [pid 12567] [client 103.153.183.166:9160] AH00126: Invalid URI in request GET /files/../../../etc/passwd HTTP/1.1, referer: http://45.33.47.95/
[Thu Jun 25 08:07:25.791509 2026] [autoindex:error] [pid 12419] [client 103.153.183.166:9202] AH01276: Cannot serve directory /var/www/html/: No matching DirectoryIndex (index.php) found, and server-generated directory index forbidden by Options directive, referer: http://45.33.47.95/
[Thu Jun 25 08:07:25.800802 2026] [core:error] [pid 12766] [client 103.153.183.166:9196] AH00126: Invalid URI in request GET /assets../../../../root/.ssh/id_rsa HTTP/1.1, referer: http://45.33.47.95/
[Thu Jun 25 08:07:25.804306 2026] [core:error] [pid 12805] [client 103.153.183.166:9194] AH00126: Invalid URI in request GET /files/../../../../etc/passwd HTTP/1.1, referer: http://45.33.47.95/
[Thu Jun 25 08:07:25.834585 2026] [autoindex:error] [pid 12419] [client 103.153.183.166:9202] AH01276: Cannot serve directory /var/www/html/: No matching DirectoryIndex (index.php) found, and server-generated directory index forbidden by Options directive, referer: http://45.33.47.95/
[Thu Jun 25 08:07:25.848530 2026] [core:error] [pid 12218] [client 103.153.183.166:9144] AH00126: Invalid URI in request GET /assets../../../home/www-data/.ssh/id_rsa HTTP/1.1, referer: http://45.33.47.95/
[Thu Jun 25 08:07:25.877653 2026] [core:error] [pid 12419] [client 103.153.183.166:9202] AH00126: Invalid URI in request GET /files/../../../etc/apache2/apache2.conf HTTP/1.1, referer: http://45.33.47.95/
[Thu Jun 25 08:07:25.887343 2026] [autoindex:error] [pid 12733] [client 103.153.183.166:9224] AH01276: Cannot serve directory /var/www/html/: No matching DirectoryIndex (index.php) found, and server-generated directory index forbidden by Options directive, referer: http://45.33.47.95/
[Thu Jun 25 08:07:25.890086 2026] [core:error] [pid 12583] [client 103.153.183.166:9232] AH00126: Invalid URI in request GET /assets../../../root/.aws/credentials HTTP/1.1, referer: http://45.33.47.95/
[Thu Jun 25 08:07:25.929029 2026] [autoindex:error] [pid 12733] [client 103.153.183.166:9224] AH01276: Cannot serve directory /var/www/html/: No matching DirectoryIndex (index.php) found, and server-generated directory index forbidden by Options directive, referer: http://45.33.47.95/
[Thu Jun 25 08:07:25.931147 2026] [core:error] [pid 12466] [client 103.153.183.166:9248] AH00126: Invalid URI in request GET /assets../../../../root/.aws/credentials HTTP/1.1, referer: http://45.33.47.95/
[Thu Jun 25 08:07:25.962777 2026] [core:error] [pid 12398] [client 103.153.183.166:9234] AH00126: Invalid URI in request GET /files/%2e%2e/../wp-config.php HTTP/1.1, referer: http://45.33.47.95/
[Thu Jun 25 08:07:25.970478 2026] [autoindex:error] [pid 12733] [client 103.153.183.166:9224] AH01276: Cannot serve directory /var/www/html/: No matching DirectoryIndex (index.php) found, and server-generated directory index forbidden by Options directive, referer: http://45.33.47.95/
[Thu Jun 25 08:07:26.008306 2026] [core:error] [pid 11824] [client 103.153.183.166:9218] AH00126: Invalid URI in request GET /files/%2e%2e/%2e%2e/%2e%2e/etc/passwd HTTP/1.1, referer: http://45.33.47.95/
[Thu Jun 25 08:07:26.015669 2026] [autoindex:error] [pid 12318] [client 103.153.183.166:9252] AH01276: Cannot serve directory /var/www/html/: No matching DirectoryIndex (index.php) found, and server-generated directory index forbidden by Options directive, referer: http://45.33.47.95/
[Thu Jun 25 08:07:26.057274 2026] [autoindex:error] [pid 12318] [client 103.153.183.166:9252] AH01276: Cannot serve directory /var/www/html/: No matching DirectoryIndex (index.php) found, and server-generated directory index forbidden by Options directive, referer: http://45.33.47.95/
[Thu Jun 25 08:07:26.098859 2026] [autoindex:error] [pid 12318] [client 103.153.183.166:9252] AH01276: Cannot serve directory /var/www/html/: No matching DirectoryIndex (index.php) found, and server-generated directory index forbidden by Options directive, referer: http://45.33.47.95/
[Thu Jun 25 08:07:26.140136 2026] [autoindex:error] [pid 12318] [client 103.153.183.166:9252] AH01276: Cannot serve directory /var/www/html/: No matching DirectoryIndex (index.php) found, and server-generated directory index forbidden by Options directive, referer: http://45.33.47.95/
[Thu Jun 25 08:07:26.168291 2026] [core:error] [pid 10367] [client 103.153.183.166:9260] AH00126: Invalid URI in request GET /assets../../../etc/apache2/apache2.conf HTTP/1.1, referer: http://45.33.47.95/
[Thu Jun 25 08:07:26.181516 2026] [autoindex:error] [pid 12318] [client 103.153.183.166:9252] AH01276: Cannot serve directory /var/www/html/: No matching DirectoryIndex (index.php) found, and server-generated directory index forbidden by Options directive, referer: http://45.33.47.95/
[Thu Jun 25 08:07:26.210010 2026] [core:error] [pid 12733] [client 103.153.183.166:9224] AH00126: Invalid URI in request GET /assets../../../etc/httpd/conf/httpd.conf HTTP/1.1, referer: http://45.33.47.95/
[Thu Jun 25 08:07:26.217838 2026] [core:error] [pid 12368] [client 103.153.183.166:9274] AH00126: Invalid URI in request GET /uploads/../../../proc/self/environ HTTP/1.1, referer: http://45.33.47.95/
[Thu Jun 25 08:07:26.223274 2026] [autoindex:error] [pid 12318] [client 103.153.183.166:9252] AH01276: Cannot serve directory /var/www/html/: No matching DirectoryIndex (index.php) found, and server-generated directory index forbidden by Options directive, referer: http://45.33.47.95/
[Thu Jun 25 08:07:26.252229 2026] [core:error] [pid 11383] [client 103.153.183.166:9308] AH00126: Invalid URI in request GET /files../../../proc/self/environ HTTP/1.1, referer: http://45.33.47.95/
[Thu Jun 25 08:07:26.259788 2026] [core:error] [pid 12013] [client 103.153.183.166:9300] AH00126: Invalid URI in request GET /uploads/../../../../proc/self/environ HTTP/1.1, referer: http://45.33.47.95/
[Thu Jun 25 08:07:26.294748 2026] [core:error] [pid 12700] [client 103.153.183.166:9290] AH00126: Invalid URI in request GET /files../../../../proc/self/environ HTTP/1.1, referer: http://45.33.47.95/
[Thu Jun 25 08:07:26.347348 2026] [core:error] [pid 12318] [client 103.153.183.166:9252] AH00126: Invalid URI in request GET /uploads/../../.env HTTP/1.1, referer: http://45.33.47.95/
[Thu Jun 25 08:07:26.429942 2026] [core:error] [pid 11892] [client 103.153.183.166:9356] AH00126: Invalid URI in request GET /uploads/../../wp-config.php HTTP/1.1, referer: http://45.33.47.95/
[Thu Jun 25 08:07:26.507298 2026] [core:error] [pid 12321] [client 103.153.183.166:9338] AH00126: Invalid URI in request GET /uploads/../../../etc/passwd HTTP/1.1, referer: http://45.33.47.95/
[Thu Jun 25 08:07:26.512093 2026] [core:error] [pid 12009] [client 103.153.183.166:9324] AH00126: Invalid URI in request GET /files../../../wp-config.php HTTP/1.1, referer: http://45.33.47.95/
[Thu Jun 25 08:07:26.547802 2026] [core:error] [pid 11921] [client 103.153.183.166:9380] AH00126: Invalid URI in request GET /uploads/../../../../etc/passwd HTTP/1.1, referer: http://45.33.47.95/
[Thu Jun 25 08:07:26.590029 2026] [core:error] [pid 12730] [client 103.153.183.166:9384] AH00126: Invalid URI in request GET /files../../../etc/passwd HTTP/1.1, referer: http://45.33.47.95/
[Thu Jun 25 08:07:26.594464 2026] [core:error] [pid 12356] [client 103.153.183.166:9372] AH00126: Invalid URI in request GET /uploads/../../../etc/apache2/apache2.conf HTTP/1.1, referer: http://45.33.47.95/
[Thu Jun 25 08:07:26.633541 2026] [core:error] [pid 11754] [client 103.153.183.166:9400] AH00126: Invalid URI in request GET /files../../../../etc/passwd HTTP/1.1, referer: http://45.33.47.95/
[Thu Jun 25 08:07:26.676936 2026] [core:error] [pid 12537] [client 103.153.183.166:9416] AH00126: Invalid URI in request GET /files../../../../../etc/passwd HTTP/1.1, referer: http://45.33.47.95/
[Thu Jun 25 08:07:26.682544 2026] [core:error] [pid 12278] [client 103.153.183.166:9392] AH00126: Invalid URI in request GET /uploads/%2e%2e/../wp-config.php HTTP/1.1, referer: http://45.33.47.95/
[Thu Jun 25 08:07:26.718151 2026] [core:error] [pid 12325] [client 103.153.183.166:9430] AH00126: Invalid URI in request GET /files../../../etc/nginx/nginx.conf HTTP/1.1, referer: http://45.33.47.95/
[Thu Jun 25 08:07:26.725506 2026] [core:error] [pid 10954] [client 103.153.183.166:9440] AH00126: Invalid URI in request GET /uploads/%2e%2e/%2e%2e/%2e%2e/etc/passwd HTTP/1.1, referer: http://45.33.47.95/
[Thu Jun 25 08:07:26.848495 2026] [core:error] [pid 12280] [client 103.153.183.166:9418] AH00126: Invalid URI in request GET /files../../../root/.ssh/id_rsa HTTP/1.1, referer: http://45.33.47.95/
[Thu Jun 25 08:07:26.888730 2026] [core:error] [pid 12647] [client 103.153.183.166:9454] AH00126: Invalid URI in request GET /files../../../../root/.ssh/id_rsa HTTP/1.1, referer: http://45.33.47.95/
[Thu Jun 25 08:07:26.931903 2026] [core:error] [pid 12682] [client 103.153.183.166:9476] AH00126: Invalid URI in request GET /files../../../home/www-data/.ssh/id_rsa HTTP/1.1, referer: http://45.33.47.95/
[Thu Jun 25 08:07:26.960868 2026] [core:error] [pid 12778] [client 103.153.183.166:9462] AH00126: Invalid URI in request GET /img/../../../proc/self/environ HTTP/1.1, referer: http://45.33.47.95/
[Thu Jun 25 08:07:27.002798 2026] [core:error] [pid 12799] [client 103.153.183.166:9442] AH00126: Invalid URI in request GET /files../../../root/.aws/credentials HTTP/1.1, referer: http://45.33.47.95/
[Thu Jun 25 08:07:27.011941 2026] [core:error] [pid 12481] [client 103.153.183.166:9492] AH00126: Invalid URI in request GET /img/../../../../proc/self/environ HTTP/1.1, referer: http://45.33.47.95/
[Thu Jun 25 08:07:27.042887 2026] [core:error] [pid 12258] [client 103.153.183.166:9504] AH00126: Invalid URI in request GET /files../../../../root/.aws/credentials HTTP/1.1, referer: http://45.33.47.95/
[Thu Jun 25 08:07:27.121487 2026] [core:error] [pid 12342] [client 103.153.183.166:9498] AH00126: Invalid URI in request GET /img/../../.env HTTP/1.1, referer: http://45.33.47.95/
[Thu Jun 25 08:07:27.203721 2026] [core:error] [pid 12144] [client 103.153.183.166:9574] AH00126: Invalid URI in request GET /img/../../wp-config.php HTTP/1.1, referer: http://45.33.47.95/
[Thu Jun 25 08:07:27.245230 2026] [core:error] [pid 12357] [client 103.153.183.166:9520] AH00126: Invalid URI in request GET /img/../../../etc/passwd HTTP/1.1, referer: http://45.33.47.95/
[Thu Jun 25 08:07:27.261997 2026] [core:error] [pid 12571] [client 103.153.183.166:9532] AH00126: Invalid URI in request GET /files../../../etc/apache2/apache2.conf HTTP/1.1, referer: http://45.33.47.95/
[Thu Jun 25 08:07:27.288001 2026] [core:error] [pid 12788] [client 103.153.183.166:9558] AH00126: Invalid URI in request GET /img/../../../../etc/passwd HTTP/1.1, referer: http://45.33.47.95/
[Thu Jun 25 08:07:27.346806 2026] [core:error] [pid 12766] [client 103.153.183.166:9586] AH00126: Invalid URI in request GET /files../../../etc/httpd/conf/httpd.conf HTTP/1.1, referer: http://45.33.47.95/
[Thu Jun 25 08:07:27.368268 2026] [core:error] [pid 12805] [client 103.153.183.166:9592] AH00126: Invalid URI in request GET /img/../../../etc/apache2/apache2.conf HTTP/1.1, referer: http://45.33.47.95/
[Thu Jun 25 08:07:27.432099 2026] [core:error] [pid 12253] [client 103.153.183.166:9596] AH00126: Invalid URI in request GET /uploads../../../proc/self/environ HTTP/1.1, referer: http://45.33.47.95/
[Thu Jun 25 08:07:27.494683 2026] [core:error] [pid 12789] [client 103.153.183.166:9612] AH00126: Invalid URI in request GET /uploads../../../../proc/self/environ HTTP/1.1, referer: http://45.33.47.95/
[Thu Jun 25 08:07:27.518009 2026] [core:error] [pid 12398] [client 103.153.183.166:9622] AH00126: Invalid URI in request GET /img/%2e%2e/../wp-config.php HTTP/1.1, referer: http://45.33.47.95/
[Thu Jun 25 08:07:27.579723 2026] [core:error] [pid 11699] [client 103.153.183.166:9628] AH00126: Invalid URI in request GET /img/%2e%2e/%2e%2e/%2e%2e/etc/passwd HTTP/1.1, referer: http://45.33.47.95/
[Thu Jun 25 08:07:27.727068 2026] [core:error] [pid 12337] [client 103.153.183.166:9634] AH00126: Invalid URI in request GET /uploads../../../wp-config.php HTTP/1.1, referer: http://45.33.47.95/
[Thu Jun 25 08:07:27.768465 2026] [core:error] [pid 12733] [client 103.153.183.166:9654] AH00126: Invalid URI in request GET /uploads../../../etc/passwd HTTP/1.1, referer: http://45.33.47.95/
[Thu Jun 25 08:07:27.790885 2026] [core:error] [pid 12492] [client 103.153.183.166:9640] AH00126: Invalid URI in request GET /css/../../../proc/self/environ HTTP/1.1, referer: http://45.33.47.95/
[Thu Jun 25 08:07:27.851380 2026] [core:error] [pid 12522] [client 103.153.183.166:9668] AH00126: Invalid URI in request GET /uploads../../../../etc/passwd HTTP/1.1, referer: http://45.33.47.95/
[Thu Jun 25 08:07:27.872792 2026] [core:error] [pid 12013] [client 103.153.183.166:9698] AH00126: Invalid URI in request GET /css/../../../../proc/self/environ HTTP/1.1, referer: http://45.33.47.95/
[Thu Jun 25 08:07:27.932325 2026] [core:error] [pid 12698] [client 103.153.183.166:9710] AH00126: Invalid URI in request GET /uploads../../../../../etc/passwd HTTP/1.1, referer: http://45.33.47.95/
[Thu Jun 25 08:07:27.996439 2026] [core:error] [pid 12700] [client 103.153.183.166:9720] AH00126: Invalid URI in request GET /uploads../../../etc/nginx/nginx.conf HTTP/1.1, referer: http://45.33.47.95/
[Thu Jun 25 08:07:28.012770 2026] [core:error] [pid 12328] [client 103.153.183.166:9728] AH00126: Invalid URI in request GET /css/../../.env HTTP/1.1, referer: http://45.33.47.95/
[Thu Jun 25 08:07:28.118517 2026] [core:error] [pid 12100] [client 103.153.183.166:9748] AH00126: Invalid URI in request GET /css/../../wp-config.php HTTP/1.1, referer: http://45.33.47.95/
[Thu Jun 25 08:07:28.122790 2026] [core:error] [pid 12318] [client 103.153.183.166:9738] AH00126: Invalid URI in request GET /uploads../../../root/.ssh/id_rsa HTTP/1.1, referer: http://45.33.47.95/
[Thu Jun 25 08:07:28.158717 2026] [core:error] [pid 12621] [client 103.153.183.166:9762] AH00126: Invalid URI in request GET /css/../../../etc/passwd HTTP/1.1, referer: http://45.33.47.95/
[Thu Jun 25 08:07:28.204735 2026] [core:error] [pid 11241] [client 103.153.183.166:9778] AH00126: Invalid URI in request GET /uploads../../../../root/.ssh/id_rsa HTTP/1.1, referer: http://45.33.47.95/
[Thu Jun 25 08:07:28.240618 2026] [core:error] [pid 12321] [client 103.153.183.166:9782] AH00126: Invalid URI in request GET /css/../../../../etc/passwd HTTP/1.1, referer: http://45.33.47.95/
[Thu Jun 25 08:07:28.285090 2026] [core:error] [pid 11921] [client 103.153.183.166:9798] AH00126: Invalid URI in request GET /uploads../../../home/www-data/.ssh/id_rsa HTTP/1.1, referer: http://45.33.47.95/
[Thu Jun 25 08:07:28.322041 2026] [core:error] [pid 12356] [client 103.153.183.166:9818] AH00126: Invalid URI in request GET /css/../../../etc/apache2/apache2.conf HTTP/1.1, referer: http://45.33.47.95/
[Thu Jun 25 08:07:28.368992 2026] [core:error] [pid 12670] [client 103.153.183.166:9830] AH00126: Invalid URI in request GET /uploads../../../root/.aws/credentials HTTP/1.1, referer: http://45.33.47.95/
[Thu Jun 25 08:07:28.444427 2026] [core:error] [pid 12386] [client 103.153.183.166:9854] AH00126: Invalid URI in request GET /uploads../../../../root/.aws/credentials HTTP/1.1, referer: http://45.33.47.95/
[Thu Jun 25 08:07:28.453006 2026] [core:error] [pid 12278] [client 103.153.183.166:9856] AH00126: Invalid URI in request GET /css/%2e%2e/../wp-config.php HTTP/1.1, referer: http://45.33.47.95/
[Thu Jun 25 08:07:28.526751 2026] [core:error] [pid 11814] [client 103.153.183.166:53948] AH00126: Invalid URI in request GET /css/%2e%2e/%2e%2e/%2e%2e/etc/passwd HTTP/1.1, referer: http://45.33.47.95/
[Thu Jun 25 08:07:28.655639 2026] [core:error] [pid 12325] [client 103.153.183.166:53942] AH00126: Invalid URI in request GET /uploads../../../etc/apache2/apache2.conf HTTP/1.1, referer: http://45.33.47.95/
[Thu Jun 25 08:07:28.735201 2026] [core:error] [pid 12682] [client 103.153.183.166:53950] AH00126: Invalid URI in request GET /uploads../../../etc/httpd/conf/httpd.conf HTTP/1.1, referer: http://45.33.47.95/
[Thu Jun 25 08:07:28.739278 2026] [core:error] [pid 12799] [client 103.153.183.166:53968] AH00126: Invalid URI in request GET /js/../../../proc/self/environ HTTP/1.1, referer: http://45.33.47.95/
[Thu Jun 25 08:07:28.778188 2026] [core:error] [pid 12804] [client 103.153.183.166:53978] AH00126: Invalid URI in request GET /img../../../proc/self/environ HTTP/1.1, referer: http://45.33.47.95/
[Thu Jun 25 08:07:28.816730 2026] [core:error] [pid 12787] [client 103.153.183.166:53984] AH00126: Invalid URI in request GET /js/../../../../proc/self/environ HTTP/1.1, referer: http://45.33.47.95/
[Thu Jun 25 08:07:28.822719 2026] [core:error] [pid 12342] [client 103.153.183.166:53992] AH00126: Invalid URI in request GET /img../../../../proc/self/environ HTTP/1.1, referer: http://45.33.47.95/
[Thu Jun 25 08:07:28.902043 2026] [core:error] [pid 12144] [client 103.153.183.166:54000] AH00126: Invalid URI in request GET /js/../../.env HTTP/1.1, referer: http://45.33.47.95/
[Thu Jun 25 08:07:28.985857 2026] [core:error] [pid 12357] [client 103.153.183.166:54008] AH00126: Invalid URI in request GET /js/../../wp-config.php HTTP/1.1, referer: http://45.33.47.95/
[Thu Jun 25 08:07:29.069296 2026] [core:error] [pid 12181] [client 103.153.183.166:54020] AH00126: Invalid URI in request GET /js/../../../etc/passwd HTTP/1.1, referer: http://45.33.47.95/
[Thu Jun 25 08:07:29.073438 2026] [core:error] [pid 12685] [client 103.153.183.166:54050] AH00126: Invalid URI in request GET /img../../../wp-config.php HTTP/1.1, referer: http://45.33.47.95/
[Thu Jun 25 08:07:29.111312 2026] [core:error] [pid 10123] [client 103.153.183.166:54066] AH00126: Invalid URI in request GET /js/../../../../etc/passwd HTTP/1.1, referer: http://45.33.47.95/
[Thu Jun 25 08:07:29.152375 2026] [core:error] [pid 12253] [client 103.153.183.166:54078] AH00126: Invalid URI in request GET /img../../../etc/passwd HTTP/1.1, referer: http://45.33.47.95/
[Thu Jun 25 08:07:29.157427 2026] [core:error] [pid 12175] [client 103.153.183.166:54090] AH00126: Invalid URI in request GET /js/../../../etc/apache2/apache2.conf HTTP/1.1, referer: http://45.33.47.95/
[Thu Jun 25 08:07:29.195102 2026] [core:error] [pid 12271] [client 103.153.183.166:54100] AH00126: Invalid URI in request GET /img../../../../etc/passwd HTTP/1.1, referer: http://45.33.47.95/
[Thu Jun 25 08:07:29.279042 2026] [core:error] [pid 12337] [client 103.153.183.166:54146] AH00126: Invalid URI in request GET /img../../../../../etc/passwd HTTP/1.1, referer: http://45.33.47.95/
[Thu Jun 25 08:07:29.283813 2026] [core:error] [pid 11692] [client 103.153.183.166:54130] AH00126: Invalid URI in request GET /js/%2e%2e/../wp-config.php HTTP/1.1, referer: http://45.33.47.95/
[Thu Jun 25 08:07:29.362450 2026] [core:error] [pid 12492] [client 103.153.183.166:54158] AH00126: Invalid URI in request GET /img../../../etc/nginx/nginx.conf HTTP/1.1, referer: http://45.33.47.95/
[Thu Jun 25 08:07:29.368178 2026] [core:error] [pid 12602] [client 103.153.183.166:54164] AH00126: Invalid URI in request GET /js/%2e%2e/%2e%2e/%2e%2e/etc/passwd HTTP/1.1, referer: http://45.33.47.95/
[Thu Jun 25 08:07:29.530599 2026] [core:error] [pid 12724] [client 103.153.183.166:54178] AH00126: Invalid URI in request GET /img../../../root/.ssh/id_rsa HTTP/1.1, referer: http://45.33.47.95/
[Thu Jun 25 08:07:29.577033 2026] [core:error] [pid 12700] [client 103.153.183.166:54190] AH00126: Invalid URI in request GET /img../../../../root/.ssh/id_rsa HTTP/1.1, referer: http://45.33.47.95/
[Thu Jun 25 08:07:29.620450 2026] [core:error] [pid 12621] [client 103.153.183.166:54210] AH00126: Invalid URI in request GET /img../../../home/www-data/.ssh/id_rsa HTTP/1.1, referer: http://45.33.47.95/
[Thu Jun 25 08:07:29.653130 2026] [core:error] [pid 12318] [client 103.153.183.166:54198] AH00126: Invalid URI in request GET /media/../../../proc/self/environ HTTP/1.1, referer: http://45.33.47.95/
[Thu Jun 25 08:07:29.662901 2026] [core:error] [pid 12321] [client 103.153.183.166:54226] AH00126: Invalid URI in request GET /img../../../root/.aws/credentials HTTP/1.1, referer: http://45.33.47.95/
[Thu Jun 25 08:07:29.733616 2026] [core:error] [pid 12356] [client 103.153.183.166:54244] AH00126: Invalid URI in request GET /media/../../../../proc/self/environ HTTP/1.1, referer: http://45.33.47.95/
[Thu Jun 25 08:07:29.744108 2026] [core:error] [pid 12720] [client 103.153.183.166:54252] AH00126: Invalid URI in request GET /img../../../../root/.aws/credentials HTTP/1.1, referer: http://45.33.47.95/
[Thu Jun 25 08:07:29.857839 2026] [core:error] [pid 12136] [client 103.153.183.166:54270] AH00126: Invalid URI in request GET /media/../../.env HTTP/1.1, referer: http://45.33.47.95/
[Thu Jun 25 08:07:29.944632 2026] [core:error] [pid 12278] [client 103.153.183.166:54286] AH00126: Invalid URI in request GET /media/../../wp-config.php HTTP/1.1, referer: http://45.33.47.95/
[Thu Jun 25 08:07:29.985142 2026] [core:error] [pid 12682] [client 103.153.183.166:54304] AH00126: Invalid URI in request GET /media/../../../etc/passwd HTTP/1.1, referer: http://45.33.47.95/
[Thu Jun 25 08:07:30.026070 2026] [core:error] [pid 12325] [client 103.153.183.166:54294] AH00126: Invalid URI in request GET /media/../../../../etc/passwd HTTP/1.1, referer: http://45.33.47.95/
[Thu Jun 25 08:07:30.065797 2026] [core:error] [pid 12799] [client 103.153.183.166:54310] AH00126: Invalid URI in request GET /img../../../etc/apache2/apache2.conf HTTP/1.1, referer: http://45.33.47.95/
[Thu Jun 25 08:07:30.068966 2026] [core:error] [pid 12502] [client 103.153.183.166:54324] AH00126: Invalid URI in request GET /media/../../../etc/apache2/apache2.conf HTTP/1.1, referer: http://45.33.47.95/
[Thu Jun 25 08:07:30.109066 2026] [core:error] [pid 12804] [client 103.153.183.166:54334] AH00126: Invalid URI in request GET /img../../../etc/httpd/conf/httpd.conf HTTP/1.1, referer: http://45.33.47.95/
[Thu Jun 25 08:07:30.153148 2026] [core:error] [pid 12787] [client 103.153.183.166:54342] AH00126: Invalid URI in request GET /js../../../proc/self/environ HTTP/1.1, referer: http://45.33.47.95/
[Thu Jun 25 08:07:30.192272 2026] [core:error] [pid 12394] [client 103.153.183.166:54336] AH00126: Invalid URI in request GET /media/%2e%2e/../wp-config.php HTTP/1.1, referer: http://45.33.47.95/
[Thu Jun 25 08:07:30.195014 2026] [core:error] [pid 12342] [client 103.153.183.166:54358] AH00126: Invalid URI in request GET /js../../../../proc/self/environ HTTP/1.1, referer: http://45.33.47.95/
[Thu Jun 25 08:07:30.276942 2026] [core:error] [pid 12144] [client 103.153.183.166:54370] AH00126: Invalid URI in request GET /media/%2e%2e/%2e%2e/%2e%2e/etc/passwd HTTP/1.1, referer: http://45.33.47.95/
[Thu Jun 25 08:07:30.484026 2026] [core:error] [pid 12788] [client 103.153.183.166:54392] AH00126: Invalid URI in request GET /js../../../wp-config.php HTTP/1.1, referer: http://45.33.47.95/
[Thu Jun 25 08:07:30.485213 2026] [core:error] [pid 12360] [client 103.153.183.166:54374] AH00126: Invalid URI in request GET /public/../../../proc/self/environ HTTP/1.1, referer: http://45.33.47.95/
[Thu Jun 25 08:07:30.525832 2026] [core:error] [pid 12288] [client 103.153.183.166:54398] AH00126: Invalid URI in request GET /js../../../etc/passwd HTTP/1.1, referer: http://45.33.47.95/
[Thu Jun 25 08:07:30.570620 2026] [core:error] [pid 12271] [client 103.153.183.166:54426] AH00126: Invalid URI in request GET /public/../../../../proc/self/environ HTTP/1.1, referer: http://45.33.47.95/
[Thu Jun 25 08:07:30.611364 2026] [core:error] [pid 12752] [client 103.153.183.166:54436] AH00126: Invalid URI in request GET /js../../../../etc/passwd HTTP/1.1, referer: http://45.33.47.95/
[Thu Jun 25 08:07:30.692951 2026] [core:error] [pid 12123] [client 103.153.183.166:54450] AH00126: Invalid URI in request GET /js../../../../../etc/passwd HTTP/1.1, referer: http://45.33.47.95/
[Thu Jun 25 08:07:30.693801 2026] [core:error] [pid 11692] [client 103.153.183.166:54446] AH00126: Invalid URI in request GET /public/../../.env HTTP/1.1, referer: http://45.33.47.95/
[Thu Jun 25 08:07:30.774292 2026] [core:error] [pid 12492] [client 103.153.183.166:54456] AH00126: Invalid URI in request GET /js../../../etc/nginx/nginx.conf HTTP/1.1, referer: http://45.33.47.95/
[Thu Jun 25 08:07:30.856406 2026] [core:error] [pid 11545] [client 103.153.183.166:54472] AH00126: Invalid URI in request GET /public/../../wp-config.php HTTP/1.1, referer: http://45.33.47.95/
[Thu Jun 25 08:07:30.898462 2026] [core:error] [pid 12700] [client 103.153.183.166:54476] AH00126: Invalid URI in request GET /public/../../../etc/passwd HTTP/1.1, referer: http://45.33.47.95/
[Thu Jun 25 08:07:30.900801 2026] [core:error] [pid 12602] [client 103.153.183.166:54458] AH00126: Invalid URI in request GET /js../../../root/.ssh/id_rsa HTTP/1.1, referer: http://45.33.47.95/
[Thu Jun 25 08:07:30.980539 2026] [core:error] [pid 12536] [client 103.153.183.166:54500] AH00126: Invalid URI in request GET /public/../../../../etc/passwd HTTP/1.1, referer: http://45.33.47.95/
[Thu Jun 25 08:07:30.982401 2026] [core:error] [pid 12657] [client 103.153.183.166:54506] AH00126: Invalid URI in request GET /js../../../../root/.ssh/id_rsa HTTP/1.1, referer: http://45.33.47.95/
[Thu Jun 25 08:07:31.062776 2026] [core:error] [pid 12067] [client 103.153.183.166:54510] AH00126: Invalid URI in request GET /public/../../../etc/apache2/apache2.conf HTTP/1.1, referer: http://45.33.47.95/
[Thu Jun 25 08:07:31.065792 2026] [core:error] [pid 12661] [client 103.153.183.166:54514] AH00126: Invalid URI in request GET /js../../../home/www-data/.ssh/id_rsa HTTP/1.1, referer: http://45.33.47.95/
[Thu Jun 25 08:07:31.149314 2026] [core:error] [pid 12720] [client 103.153.183.166:54536] AH00126: Invalid URI in request GET /js../../../root/.aws/credentials HTTP/1.1, referer: http://45.33.47.95/
[Thu Jun 25 08:07:31.186852 2026] [core:error] [pid 12497] [client 103.153.183.166:54520] AH00126: Invalid URI in request GET /public/%2e%2e/../wp-config.php HTTP/1.1, referer: http://45.33.47.95/
[Thu Jun 25 08:07:31.230552 2026] [core:error] [pid 11612] [client 103.153.183.166:54554] AH00126: Invalid URI in request GET /js../../../../root/.aws/credentials HTTP/1.1, referer: http://45.33.47.95/
[Thu Jun 25 08:07:31.267836 2026] [core:error] [pid 12136] [client 103.153.183.166:54566] AH00126: Invalid URI in request GET /public/%2e%2e/%2e%2e/%2e%2e/etc/passwd HTTP/1.1, referer: http://45.33.47.95/
[Thu Jun 25 08:07:31.477950 2026] [core:error] [pid 12325] [client 103.153.183.166:54568] AH00126: Invalid URI in request GET /js../../../etc/apache2/apache2.conf HTTP/1.1, referer: http://45.33.47.95/
[Thu Jun 25 08:07:31.522434 2026] [core:error] [pid 12694] [client 103.153.183.166:54576] AH00126: Invalid URI in request GET /js../../../etc/httpd/conf/httpd.conf HTTP/1.1, referer: http://45.33.47.95/
[Thu Jun 25 08:07:31.560314 2026] [core:error] [pid 12566] [client 103.153.183.166:54580] AH00126: Invalid URI in request GET /api/../../../proc/self/environ HTTP/1.1, referer: http://45.33.47.95/
[Thu Jun 25 08:07:31.564808 2026] [core:error] [pid 11484] [client 103.153.183.166:54596] AH00126: Invalid URI in request GET /css../../../proc/self/environ HTTP/1.1, referer: http://45.33.47.95/
[Thu Jun 25 08:07:31.642640 2026] [core:error] [pid 12312] [client 103.153.183.166:54606] AH00126: Invalid URI in request GET /api/../../../../proc/self/environ HTTP/1.1, referer: http://45.33.47.95/
[Thu Jun 25 08:07:31.646687 2026] [core:error] [pid 12394] [client 103.153.183.166:54622] AH00126: Invalid URI in request GET /css../../../../proc/self/environ HTTP/1.1, referer: http://45.33.47.95/
[Thu Jun 25 08:07:31.767610 2026] [core:error] [pid 12494] [client 103.153.183.166:54654] AH00126: Invalid URI in request GET /api/../../.env HTTP/1.1, referer: http://45.33.47.95/
[Thu Jun 25 08:07:31.852074 2026] [core:error] [pid 12361] [client 103.153.183.166:54638] AH00126: Invalid URI in request GET /api/../../wp-config.php HTTP/1.1, referer: http://45.33.47.95/
[Thu Jun 25 08:07:31.894057 2026] [core:error] [pid 11692] [client 103.153.183.166:54672] AH00126: Invalid URI in request GET /api/../../../etc/passwd HTTP/1.1, referer: http://45.33.47.95/
[Thu Jun 25 08:07:31.928740 2026] [core:error] [pid 12752] [client 103.153.183.166:54670] AH00126: Invalid URI in request GET /css../../../wp-config.php HTTP/1.1, referer: http://45.33.47.95/
[Thu Jun 25 08:07:31.975162 2026] [core:error] [pid 12492] [client 103.153.183.166:54688] AH00126: Invalid URI in request GET /api/../../../../etc/passwd HTTP/1.1, referer: http://45.33.47.95/
[Thu Jun 25 08:07:32.010799 2026] [core:error] [pid 12354] [client 103.153.183.166:54702] AH00126: Invalid URI in request GET /css../../../etc/passwd HTTP/1.1, referer: http://45.33.47.95/
[Thu Jun 25 08:07:32.059494 2026] [core:error] [pid 12253] [client 103.153.183.166:54712] AH00126: Invalid URI in request GET /api/../../../etc/apache2/apache2.conf HTTP/1.1, referer: http://45.33.47.95/
[Thu Jun 25 08:07:32.094617 2026] [core:error] [pid 12602] [client 103.153.183.166:54720] AH00126: Invalid URI in request GET /css../../../../etc/passwd HTTP/1.1, referer: http://45.33.47.95/
[Thu Jun 25 08:07:32.176873 2026] [core:error] [pid 12424] [client 103.153.183.166:54728] AH00126: Invalid URI in request GET /css../../../../../etc/passwd HTTP/1.1, referer: http://45.33.47.95/
[Thu Jun 25 08:07:32.184237 2026] [core:error] [pid 12504] [client 103.153.183.166:54722] AH00126: Invalid URI in request GET /api/%2e%2e/../wp-config.php HTTP/1.1, referer: http://45.33.47.95/
[Thu Jun 25 08:07:32.258042 2026] [core:error] [pid 12657] [client 103.153.183.166:54730] AH00126: Invalid URI in request GET /css../../../etc/nginx/nginx.conf HTTP/1.1, referer: http://45.33.47.95/
[Thu Jun 25 08:07:32.265880 2026] [core:error] [pid 12801] [client 103.153.183.166:54732] AH00126: Invalid URI in request GET /api/%2e%2e/%2e%2e/%2e%2e/etc/passwd HTTP/1.1, referer: http://45.33.47.95/
[Thu Jun 25 08:07:32.423712 2026] [core:error] [pid 12744] [client 103.153.183.166:54742] AH00126: Invalid URI in request GET /css../../../root/.ssh/id_rsa HTTP/1.1, referer: http://45.33.47.95/
[Thu Jun 25 08:07:32.474538 2026] [core:error] [pid 12499] [client 103.153.183.166:54746] AH00126: Invalid URI in request GET /css../../../../root/.ssh/id_rsa HTTP/1.1, referer: http://45.33.47.95/
[Thu Jun 25 08:07:32.517793 2026] [core:error] [pid 12681] [client 103.153.183.166:54796] AH00126: Invalid URI in request GET /css../../../home/www-data/.ssh/id_rsa HTTP/1.1, referer: http://45.33.47.95/
